Microchip MPLAB XC8 Compiler V2.05 ()

Linker command line:

-W-3 --edf=/Applications/microchip/xc8/v2.05/pic/dat/en_msgs.txt -cs \
  -h+dist/default/production/lab8v2.X.production.sym \
  --cmf=dist/default/production/lab8v2.X.production.cmf -z -Q18F25Q10 \
  -o/tmp/xctviZH7o --defsym=__MPLAB_BUILD=1 \
  -Mdist/default/production/lab8v2.X.production.map -E1 -ver=XC8 \
  --acfsm=1493 -ASTACK=060h-07FFh -pstack=STACK -ACODE=00h-07FFFh \
  -ACONST=00h-07FFFh -ASMALLCONST=0800h-08FFhx120 \
  -AMEDIUMCONST=0800h-07FFFh -ACOMRAM=01h-05Fh -AABS1=00h-07FFh \
  -ABIGRAM=01h-07FFh -ARAM=060h-0FFh,0100h-01FFhx7 -ABANK0=060h-0FFh \
  -ABANK1=0100h-01FFh -ABANK2=0200h-02FFh -ABANK3=0300h-03FFh \
  -ABANK4=0400h-04FFh -ABANK5=0500h-05FFh -ABANK6=0600h-06FFh \
  -ABANK7=0700h-07FFh -ASFR=0E88h-0EFFh,0F00h-0F5Fh,0F60h-0FFFh \
  -preset_vec=00h,intcode=08h,intcodelo,powerup,init -pramtop=0800h \
  -psmallconst=SMALLCONST -pmediumconst=MEDIUMCONST -pconst=CONST \
  -AFARRAM=00h-00h -ACONFIG=0300000h-030000Bh -pconfig=CONFIG \
  -AIDLOC=0200000h-02000FFh -pidloc=IDLOC -AEEDATA=0310000h-03100FFh \
  -peeprom_data=EEDATA \
  -prdata=COMRAM,nvrram=COMRAM,nvbit=COMRAM,rbss=COMRAM,rbit=COMRAM \
  -pfarbss=FARRAM,fardata=FARRAM,nvFARRAM=FARRAM \
  -pintsave_regs=BIGRAM,bigbss=BIGRAM,bigdata=BIGRAM -pbss=RAM \
  -pidata=CODE,irdata=CODE,ibigdata=CODE,ifardata=CODE -prparam=COMRAM \
  /tmp/xcwWbiTne.o dist/default/production/lab8v2.X.production.o 

Object code version is 3.11

Machine type is 18F25Q10

Call graph: (short form)




                Name                               Link     Load   Length Selector   Space Scale
/tmp/xcwWbiTne.o
                init                                 96       96        4        4       0
                reset_vec                             0        0        4        0       0
                idloc                            200000   200000      100   200000       0
                config                           300000   300000        C   300000       0
dist/default/production/lab8v2.X.production.o
                intcode                               8        8       8E        4       0
                temp                                 55       55        1        1       1
                text49                              6A6      6A6       18        4       0
                text48                              76E      76E        2      3B3       0
                text47                              564      564       2C        4       0
                text46                              5FC      5FC       20        4       0
                text45                              750      750        6        4       0
                text44                              76C      76C        2      3B3       0
                text43                              74A      74A        6        4       0
                text42                              17E      17E       94        4       0
                text41                              538      538       2C        4       0
                text40                              740      740        A        4       0
                text39                              736      736        A        4       0
                text38                              75E      75E        4        4       0
                text37                              672      672       1C        4       0
                text36                              42A      42A       30        4       0
                text35                              76A      76A        2      3B3       0
                text34                              590      590       26        4       0
                text33                              6D0      6D0        C        4       0
                text32                              61C      61C       1E        4       0
                text31                              768      768        2      3B3       0
                text30                              3FA      3FA       30        4       0
                text29                               9A       9A       E4        4       0
                text28                              766      766        2      3B3       0
                text27                              5B6      5B6       24        4       0
                text25                              72C      72C        A        4       0
                text24                              50C      50C       2C        4       0
                text23                              722      722        A        4       0
                text22                              718      718        A        4       0
                text21                              70E      70E        A        4       0
                text20                              704      704        A        4       0
                text19                              6FA      6FA        A        4       0
                text18                              212      212       7A        4       0
                text17                              75A      75A        4        4       0
                text16                              68E      68E       18        4       0
                text15                              6F0      6F0        A        4       0
                text14                              28C      28C       64        4       0
                text13                              656      656       1C        4       0
                text12                              6E6      6E6        A        4       0
                text11                              34A      34A       42        4       0
                text10                              6DC      6DC        A        4       0
                text9                               4E0      4E0       2C        4       0
                text8                               5DA      5DA       22        4       0
                text7                               4B4      4B4       2C        4       0
                text6                               6BE      6BE       12        4       0
                text5                               45A      45A       2E        4       0
                text4                               3C4      3C4       36        4       0
                text3                               756      756        4        4       0
                text2                               63A      63A       1C        4       0
                text1                               488      488       2C        4       0
                text0                               2F0      2F0       5A        4       0
                cstackCOMRAM                         44       44        E        1       1
                dataCOMRAM                           52       52        3        1       1
                bssCOMRAM                             1        1       2E        1       1
                cinit                               38C      38C       38        4       0
                nvCOMRAM                             2F       2F       15        1       1
                idataCOMRAM                         762      762        3        4       0

TOTAL           Name                               Link     Load   Length     Space
        CLASS   STACK          

        CLASS   CODE           
                intcode                               8        8       8E         0
                init                                 96       96        4         0
                reset_vec                             0        0        4         0
                text49                              6A6      6A6       18         0
                text48                              76E      76E        2         0
                text47                              564      564       2C         0
                text46                              5FC      5FC       20         0
                text45                              750      750        6         0
                text44                              76C      76C        2         0
                text43                              74A      74A        6         0
                text42                              17E      17E       94         0
                text41                              538      538       2C         0
                text40                              740      740        A         0
                text39                              736      736        A         0
                text38                              75E      75E        4         0
                text37                              672      672       1C         0
                text36                              42A      42A       30         0
                text35                              76A      76A        2         0
                text34                              590      590       26         0
                text33                              6D0      6D0        C         0
                text32                              61C      61C       1E         0
                text31                              768      768        2         0
                text30                              3FA      3FA       30         0
                text29                               9A       9A       E4         0
                text28                              766      766        2         0
                text27                              5B6      5B6       24         0
                text25                              72C      72C        A         0
                text24                              50C      50C       2C         0
                text23                              722      722        A         0
                text22                              718      718        A         0
                text21                              70E      70E        A         0
                text20                              704      704        A         0
                text19                              6FA      6FA        A         0
                text18                              212      212       7A         0
                text17                              75A      75A        4         0
                text16                              68E      68E       18         0
                text15                              6F0      6F0        A         0
                text14                              28C      28C       64         0
                text13                              656      656       1C         0
                text12                              6E6      6E6        A         0
                text11                              34A      34A       42         0
                text10                              6DC      6DC        A         0
                text9                               4E0      4E0       2C         0
                text8                               5DA      5DA       22         0
                text7                               4B4      4B4       2C         0
                text6                               6BE      6BE       12         0
                text5                               45A      45A       2E         0
                text4                               3C4      3C4       36         0
                text3                               756      756        4         0
                text2                               63A      63A       1C         0
                text1                               488      488       2C         0
                text0                               2F0      2F0       5A         0
                cinit                               38C      38C       38         0
                idataCOMRAM                         762      762        3         0

        CLASS   CONST          

        CLASS   SMALLCONST     

        CLASS   MEDIUMCONST    

        CLASS   COMRAM         
                temp                                 55       55        1         1
                cstackCOMRAM                         44       44        E         1
                dataCOMRAM                           52       52        3         1
                bssCOMRAM                             1        1       2E         1
                nvCOMRAM                             2F       2F       15         1

        CLASS   ABS1           

        CLASS   BIGRAM         

        CLASS   RAM            

        CLASS   BANK0          

        CLASS   BANK1          

        CLASS   BANK2          

        CLASS   BANK3          

        CLASS   BANK4          

        CLASS   BANK5          

        CLASS   BANK6          

        CLASS   BANK7          

        CLASS   SFR            

        CLASS   FARRAM         

        CLASS   CONFIG         
                config                           300000   300000        C         0

        CLASS   IDLOC          
                idloc                            200000   200000      100         0

        CLASS   EEDATA         



SEGMENTS        Name                           Load    Length   Top    Selector   Space  Class

                reset_vec                      000000  000004  000004         0       0  CODE    
                bssCOMRAM                      000001  000055  000056         1       1  COMRAM  
                text28                         000766  00000A  000770       3B3       0  CODE    
                intcode                        000008  00075D  000765         4       0  CODE    
                idloc                          200000  000100  200100    200000       0  IDLOC   
                config                         300000  00000C  30000C    300000       0  CONFIG  


UNUSED ADDRESS RANGES

        Name                Unused          Largest block    Delta
        BANK0            000060-0000FF               A0
        BANK1            000100-0001FF              100
        BANK2            000200-0002FF              100
        BANK3            000300-0003FF              100
        BANK4            000400-0004FF              100
        BANK5            000500-0005FF              100
        BANK6            000600-0006FF              100
        BANK7            000700-0007FF              100
        BIGRAM           000056-0007FF              7AA
        CODE             000004-000007                4
                         000765-000765                1
                         000770-007FFF             7890
        COMRAM           000056-00005F                A
        CONST            000004-000007                4
                         000765-000765                1
                         000770-007FFF             7890
        EEDATA           310000-3100FF              100
        MEDIUMCONST      000800-007FFF             7800
        RAM              000060-0007FF              100
        SFR              000E88-000FFF               78
        SMALLCONST       000800-007FFF              100
        STACK            000060-0007FF              7A0

                                  Symbol Table

CCP1_CaptureISR@module                          cstackCOMRAM 000046
CCP1_SetCallBack@customCallBack                 cstackCOMRAM 00004C
EUSART1_SetErrorHandler@interruptHandler        cstackCOMRAM 00004C
EUSART1_SetFramingErrorHandler@interruptHandler cstackCOMRAM 00004C
EUSART1_SetOverrunErrorHandler@interruptHandler cstackCOMRAM 00004C
EUSART1_SetRxInterruptHandler@interruptHandler  cstackCOMRAM 00004C
EUSART1_SetTxInterruptHandler@interruptHandler  cstackCOMRAM 00004C
IOCCF2_SetInterruptHandler@InterruptHandler     cstackCOMRAM 00004C
TMR1_SetInterruptHandler@InterruptHandler       cstackCOMRAM 00004C
TMR1_WriteTimer@timerVal                        cstackCOMRAM 00004C
TMR2_SetInterruptHandler@InterruptHandler       cstackCOMRAM 00004C
_ANSELA                                         (abs)        000F0C
_ANSELB                                         (abs)        000F14
_ANSELC                                         (abs)        000F1C
_BAUD1CON                                       (abs)        000F9E
_CCP1CAP                                        (abs)        000FAC
_CCP1CON                                        (abs)        000FAB
_CCP1PPS                                        (abs)        000EAA
_CCP1_CallBack                                  nvCOMRAM     000039
_CCP1_CaptureISR                                text47       000564
_CCP1_DefaultCallBack                           text48       00076E
_CCP1_Initialize                                text24       00050C
_CCP1_SetCallBack                               text25       00072C
_CCPR1H                                         (abs)        000FAA
_CCPR1L                                         (abs)        000FA9
_CCPTMRSbits                                    (abs)        000FAD
_EUSART1_DefaultErrorHandler                    text45       000750
_EUSART1_DefaultFramingErrorHandler             text44       00076C
_EUSART1_DefaultOverrunErrorHandler             text43       00074A
_EUSART1_ErrorHandler                           nvCOMRAM     00002F
_EUSART1_FramingErrorHandler                    nvCOMRAM     000033
_EUSART1_Initialize                             text18       000212
_EUSART1_OverrunErrorHandler                    nvCOMRAM     000031
_EUSART1_Receive_ISR                            text42       00017E
_EUSART1_RxDataHandler                          text46       0005FC
_EUSART1_RxDefaultInterruptHandler              nvCOMRAM     00003F
_EUSART1_SetErrorHandler                        text23       000722
_EUSART1_SetFramingErrorHandler                 text22       000718
_EUSART1_SetOverrunErrorHandler                 text21       00070E
_EUSART1_SetRxInterruptHandler                  text20       000704
_EUSART1_SetTxInterruptHandler                  text19       0006FA
_EUSART1_Transmit_ISR                           text41       000538
_EUSART1_TxDefaultInterruptHandler              nvCOMRAM     000041
_INTCONbits                                     (abs)        000FF2
_INTERRUPT_Initialize                           text17       00075A
_INTERRUPT_InterruptManager                     intcode      000008
_IOCCF2_DefaultInterruptHandler                 text35       00076A
_IOCCF2_ISR                                     text34       000590
_IOCCF2_InterruptHandler                        nvCOMRAM     00003D
_IOCCF2_SetInterruptHandler                     text15       0006F0
_IOCCFbits                                      (abs)        000F15
_IOCCNbits                                      (abs)        000F16
_IOCCPbits                                      (abs)        000F17
_LATA                                           (abs)        000F82
_LATAbits                                       (abs)        000F82
_LATB                                           (abs)        000F83
_LATC                                           (abs)        000F84
_LATCbits                                       (abs)        000F84
_ODCONA                                         (abs)        000F0A
_ODCONB                                         (abs)        000F12
_ODCONC                                         (abs)        000F1A
_OSCCON1                                        (abs)        000ED3
_OSCCON3                                        (abs)        000ED5
_OSCEN                                          (abs)        000ED7
_OSCFRQ                                         (abs)        000ED9
_OSCILLATOR_Initialize                          text16       00068E
_OSCTUNE                                        (abs)        000ED8
_PIE0bits                                       (abs)        000EBD
_PIE3bits                                       (abs)        000EC0
_PIE4bits                                       (abs)        000EC1
_PIE6bits                                       (abs)        000EC3
_PIN_MANAGER_IOC                                text33       0006D0
_PIN_MANAGER_Initialize                         text14       00028C
_PIR0bits                                       (abs)        000EC5
_PIR3bits                                       (abs)        000EC8
_PIR4bits                                       (abs)        000EC9
_PIR6bits                                       (abs)        000ECB
_PMD0                                           (abs)        000EDC
_PMD1                                           (abs)        000EDD
_PMD2                                           (abs)        000EDE
_PMD3                                           (abs)        000EDF
_PMD4                                           (abs)        000EE0
_PMD5                                           (abs)        000EE1
_PMD_Initialize                                 text13       000656
_PR2                                            (abs)        000FBB
_RC1REG                                         (abs)        000F98
_RC1STA                                         (abs)        000F9C
_RC1STAbits                                     (abs)        000F9C
_RC6PPS                                         (abs)        000EF8
_SLRCONA                                        (abs)        000F09
_SLRCONB                                        (abs)        000F11
_SLRCONC                                        (abs)        000F19
_SP1BRGH                                        (abs)        000F9B
_SP1BRGL                                        (abs)        000F9A
_SYSTEM_Initialize                              text8        0005DA
_T1CLK                                          (abs)        000FD1
_T1CON                                          (abs)        000FCE
_T1CONbits                                      (abs)        000FCE
_T1GATE                                         (abs)        000FD0
_T1GCON                                         (abs)        000FCF
_T1GCONbits                                     (abs)        000FCF
_T2CLKCON                                       (abs)        000FBE
_T2CON                                          (abs)        000FBC
_T2CONbits                                      (abs)        000FBC
_T2HLT                                          (abs)        000FBD
_T2HLTbits                                      (abs)        000FBD
_T2PR                                           (abs)        000FBB
_T2RST                                          (abs)        000FBF
_T2RSTbits                                      (abs)        000FBF
_T2TMR                                          (abs)        000FBA
_TMR1H                                          (abs)        000FCD
_TMR1L                                          (abs)        000FCC
_TMR1_DefaultInterruptHandler                   text31       000768
_TMR1_ISR                                       text30       0003FA
_TMR1_Initialize                                text11       00034A
_TMR1_InterruptHandler                          nvCOMRAM     000035
_TMR1_SetInterruptHandler                       text12       0006E6
_TMR1_StartTimer                                text3        000756
_TMR1_WriteTimer                                text2        00063A
_TMR2                                           (abs)        000FBA
_TMR2_DefaultInterruptHandler                   text28       000766
_TMR2_ISR                                       text27       0005B6
_TMR2_Initialize                                text9        0004E0
_TMR2_InterruptHandler                          nvCOMRAM     00003B
_TMR2_SetInterruptHandler                       text10       0006DC
_TRISA                                          (abs)        000F87
_TRISB                                          (abs)        000F88
_TRISC                                          (abs)        000F89
_TRISCbits                                      (abs)        000F89
_TX1REG                                         (abs)        000F99
_TX1STA                                         (abs)        000F9D
_TX1STAbits                                     (abs)        000F9D
_WPUA                                           (abs)        000F0B
_WPUB                                           (abs)        000F13
_WPUC                                           (abs)        000F1B
_WPUE                                           (abs)        000F28
__CFG_BOREN$SBORDIS                             (abs)        000000
__CFG_BORV$VBOR_190                             (abs)        000000
__CFG_CLKOUTEN$OFF                              (abs)        000000
__CFG_CP$OFF                                    (abs)        000000
__CFG_CPD$OFF                                   (abs)        000000
__CFG_CSWEN$ON                                  (abs)        000000
__CFG_DEBUG$OFF                                 (abs)        000000
__CFG_EBTR0$OFF                                 (abs)        000000
__CFG_EBTR1$OFF                                 (abs)        000000
__CFG_EBTR2$OFF                                 (abs)        000000
__CFG_EBTR3$OFF                                 (abs)        000000
__CFG_EBTRB$OFF                                 (abs)        000000
__CFG_FCMEN$ON                                  (abs)        000000
__CFG_FEXTOSC$OFF                               (abs)        000000
__CFG_LPBOREN$OFF                               (abs)        000000
__CFG_LVP$ON                                    (abs)        000000
__CFG_MCLRE$EXTMCLR                             (abs)        000000
__CFG_PPS1WAY$ON                                (abs)        000000
__CFG_PWRTE$OFF                                 (abs)        000000
__CFG_RSTOSC$HFINTOSC_64MHZ                     (abs)        000000
__CFG_SCANE$ON                                  (abs)        000000
__CFG_STVREN$ON                                 (abs)        000000
__CFG_WDTCCS$SC                                 (abs)        000000
__CFG_WDTCPS$WDTCPS_31                          (abs)        000000
__CFG_WDTCWS$WDTCWS_7                           (abs)        000000
__CFG_WDTE$OFF                                  (abs)        000000
__CFG_WRT0$OFF                                  (abs)        000000
__CFG_WRT1$OFF                                  (abs)        000000
__CFG_WRT2$OFF                                  (abs)        000000
__CFG_WRT3$OFF                                  (abs)        000000
__CFG_WRTB$OFF                                  (abs)        000000
__CFG_WRTC$OFF                                  (abs)        000000
__CFG_WRTD$OFF                                  (abs)        000000
__CFG_XINST$OFF                                 (abs)        000000
__CFG_ZCD$OFF                                   (abs)        000000
__HRAM                                          (abs)        000000
__Habs1                                         abs1         000000
__Hbank0                                        bank0        000000
__Hbank1                                        bank1        000000
__Hbank2                                        bank2        000000
__Hbank3                                        bank3        000000
__Hbank4                                        bank4        000000
__Hbank5                                        bank5        000000
__Hbank6                                        bank6        000000
__Hbank7                                        bank7        000000
__Hbigbss                                       bigbss       000000
__Hbigdata                                      bigdata      000000
__Hbigram                                       bigram       000000
__Hbss                                          bss          000000
__HbssCOMRAM                                    bssCOMRAM    000000
__Hcinit                                        cinit        000000
__Hclrtext                                      clrtext      000000
__Hcomram                                       comram       000000
__Hconfig                                       config       30000C
__Hconst                                        const        000000
__HcstackCOMRAM                                 cstackCOMRAM 000000
__Hdata                                         data         000000
__HdataCOMRAM                                   dataCOMRAM   000000
__Heeprom_data                                  eeprom_data  000000
__Hfarbss                                       farbss       000000
__Hfardata                                      fardata      000000
__Hibigdata                                     ibigdata     000000
__Hidata                                        idata        000000
__HidataCOMRAM                                  idataCOMRAM  000000
__Hidloc                                        idloc        200100
__Hifardata                                     ifardata     000000
__Hinit                                         init         00009A
__Hintcode                                      intcode      000096
__Hintcode_body                                 intcode_body 000000
__Hintcodelo                                    intcodelo    000096
__Hintentry                                     intentry     000000
__Hintret                                       intret       000000
__Hintsave_regs                                 intsave_regs 000000
__Hirdata                                       irdata       000000
__Hmediumconst                                  mediumconst  000000
__HnvCOMRAM                                     nvCOMRAM     000000
__HnvFARRAM                                     nvFARRAM     000000
__Hnvbit                                        nvbit        000000
__Hnvrram                                       nvrram       000000
__Hparam                                        rparam       000000
__Hpowerup                                      powerup      000096
__Hram                                          ram          000000
__Hramtop                                       ramtop       000800
__Hrbit                                         rbit         000000
__Hrbss                                         rbss         000000
__Hrdata                                        rdata        000000
__Hreset_vec                                    reset_vec    000004
__Hrparam                                       rparam       000000
__Hsfr                                          sfr          000000
__Hsmallconst                                   smallconst   000000
__Hspace_0                                      (abs)        30000C
__Hspace_1                                      (abs)        000056
__Hspace_2                                      (abs)        000000
__Hstack                                        stack        000000
__Hstruct                                       struct       000000
__Htemp                                         temp         000056
__Htext                                         text         000000
__Htext0                                        text0        000000
__Htext1                                        text1        000000
__Htext10                                       text10       000000
__Htext11                                       text11       000000
__Htext12                                       text12       000000
__Htext13                                       text13       000000
__Htext14                                       text14       000000
__Htext15                                       text15       000000
__Htext16                                       text16       000000
__Htext17                                       text17       000000
__Htext18                                       text18       000000
__Htext19                                       text19       000000
__Htext2                                        text2        000000
__Htext20                                       text20       000000
__Htext21                                       text21       000000
__Htext22                                       text22       000000
__Htext23                                       text23       000000
__Htext24                                       text24       000000
__Htext25                                       text25       000000
__Htext27                                       text27       000000
__Htext28                                       text28       000000
__Htext29                                       text29       000000
__Htext3                                        text3        000000
__Htext30                                       text30       000000
__Htext31                                       text31       000000
__Htext32                                       text32       000000
__Htext33                                       text33       000000
__Htext34                                       text34       000000
__Htext35                                       text35       000000
__Htext36                                       text36       000000
__Htext37                                       text37       000000
__Htext38                                       text38       000000
__Htext39                                       text39       000000
__Htext4                                        text4        000000
__Htext40                                       text40       000000
__Htext41                                       text41       000000
__Htext42                                       text42       000000
__Htext43                                       text43       000000
__Htext44                                       text44       000000
__Htext45                                       text45       000000
__Htext46                                       text46       000000
__Htext47                                       text47       000000
__Htext48                                       text48       000000
__Htext49                                       text49       000000
__Htext5                                        text5        000000
__Htext50                                       text50       000000
__Htext6                                        text6        000000
__Htext7                                        text7        000000
__Htext8                                        text8        000000
__Htext9                                        text9        000000
__LRAM                                          (abs)        000001
__Labs1                                         abs1         000000
__Lbank0                                        bank0        000000
__Lbank1                                        bank1        000000
__Lbank2                                        bank2        000000
__Lbank3                                        bank3        000000
__Lbank4                                        bank4        000000
__Lbank5                                        bank5        000000
__Lbank6                                        bank6        000000
__Lbank7                                        bank7        000000
__Lbigbss                                       bigbss       000000
__Lbigdata                                      bigdata      000000
__Lbigram                                       bigram       000000
__Lbss                                          bss          000000
__LbssCOMRAM                                    bssCOMRAM    000000
__Lcinit                                        cinit        000000
__Lclrtext                                      clrtext      000000
__Lcomram                                       comram       000000
__Lconfig                                       config       300000
__Lconst                                        const        000000
__LcstackCOMRAM                                 cstackCOMRAM 000000
__Ldata                                         data         000000
__LdataCOMRAM                                   dataCOMRAM   000000
__Leeprom_data                                  eeprom_data  000000
__Lfarbss                                       farbss       000000
__Lfardata                                      fardata      000000
__Libigdata                                     ibigdata     000000
__Lidata                                        idata        000000
__LidataCOMRAM                                  idataCOMRAM  000000
__Lidloc                                        idloc        200000
__Lifardata                                     ifardata     000000
__Linit                                         init         000096
__Lintcode                                      intcode      000008
__Lintcode_body                                 intcode_body 000000
__Lintcodelo                                    intcodelo    000096
__Lintentry                                     intentry     000000
__Lintret                                       intret       000000
__Lintsave_regs                                 intsave_regs 000000
__Lirdata                                       irdata       000000
__Lmediumconst                                  mediumconst  000000
__LnvCOMRAM                                     nvCOMRAM     000000
__LnvFARRAM                                     nvFARRAM     000000
__Lnvbit                                        nvbit        000000
__Lnvrram                                       nvrram       000000
__Lparam                                        rparam       000000
__Lpowerup                                      powerup      000096
__Lram                                          ram          000000
__Lramtop                                       ramtop       000800
__Lrbit                                         rbit         000000
__Lrbss                                         rbss         000000
__Lrdata                                        rdata        000000
__Lreset_vec                                    reset_vec    000000
__Lrparam                                       rparam       000000
__Lsfr                                          sfr          000000
__Lsmallconst                                   smallconst   000000
__Lspace_0                                      (abs)        000000
__Lspace_1                                      (abs)        000000
__Lspace_2                                      (abs)        000000
__Lstack                                        stack        000000
__Lstruct                                       struct       000000
__Ltemp                                         temp         000055
__Ltext                                         text         000000
__Ltext0                                        text0        000000
__Ltext1                                        text1        000000
__Ltext10                                       text10       000000
__Ltext11                                       text11       000000
__Ltext12                                       text12       000000
__Ltext13                                       text13       000000
__Ltext14                                       text14       000000
__Ltext15                                       text15       000000
__Ltext16                                       text16       000000
__Ltext17                                       text17       000000
__Ltext18                                       text18       000000
__Ltext19                                       text19       000000
__Ltext2                                        text2        000000
__Ltext20                                       text20       000000
__Ltext21                                       text21       000000
__Ltext22                                       text22       000000
__Ltext23                                       text23       000000
__Ltext24                                       text24       000000
__Ltext25                                       text25       000000
__Ltext27                                       text27       000000
__Ltext28                                       text28       000000
__Ltext29                                       text29       000000
__Ltext3                                        text3        000000
__Ltext30                                       text30       000000
__Ltext31                                       text31       000000
__Ltext32                                       text32       000000
__Ltext33                                       text33       000000
__Ltext34                                       text34       000000
__Ltext35                                       text35       000000
__Ltext36                                       text36       000000
__Ltext37                                       text37       000000
__Ltext38                                       text38       000000
__Ltext39                                       text39       000000
__Ltext4                                        text4        000000
__Ltext40                                       text40       000000
__Ltext41                                       text41       000000
__Ltext42                                       text42       000000
__Ltext43                                       text43       000000
__Ltext44                                       text44       000000
__Ltext45                                       text45       000000
__Ltext46                                       text46       000000
__Ltext47                                       text47       000000
__Ltext48                                       text48       000000
__Ltext49                                       text49       000000
__Ltext5                                        text5        000000
__Ltext50                                       text50       000000
__Ltext6                                        text6        000000
__Ltext7                                        text7        000000
__Ltext8                                        text8        000000
__Ltext9                                        text9        000000
__S0                                            (abs)        30000C
__S1                                            (abs)        000056
__S2                                            (abs)        000000
___inthi_sp                                     stack        000000
___intlo_sp                                     stack        000000
___param_bank                                   (abs)        000000
___rparam_used                                  (abs)        000001
___sp                                           stack        000000
__accesstop                                     (abs)        000060
__activetblptr                                  (abs)        000002
__end_of_CCP1_CaptureISR                        text47       000590
__end_of_CCP1_DefaultCallBack                   text48       000770
__end_of_CCP1_Initialize                        text24       000538
__end_of_CCP1_SetCallBack                       text25       000736
__end_of_EUSART1_DefaultErrorHandler            text45       000756
__end_of_EUSART1_DefaultFramingErrorHandler     text44       00076E
__end_of_EUSART1_DefaultOverrunErrorHandler     text43       000750
__end_of_EUSART1_Initialize                     text18       00028C
__end_of_EUSART1_Receive_ISR                    text42       000212
__end_of_EUSART1_RxDataHandler                  text46       00061C
__end_of_EUSART1_SetErrorHandler                text23       00072C
__end_of_EUSART1_SetFramingErrorHandler         text22       000722
__end_of_EUSART1_SetOverrunErrorHandler         text21       000718
__end_of_EUSART1_SetRxInterruptHandler          text20       00070E
__end_of_EUSART1_SetTxInterruptHandler          text19       000704
__end_of_EUSART1_Transmit_ISR                   text41       000564
__end_of_INTERRUPT_Initialize                   text17       00075E
__end_of_INTERRUPT_InterruptManager             intcode      000096
__end_of_IOCCF2_DefaultInterruptHandler         text35       00076C
__end_of_IOCCF2_ISR                             text34       0005B6
__end_of_IOCCF2_SetInterruptHandler             text15       0006FA
__end_of_OSCILLATOR_Initialize                  text16       0006A6
__end_of_PIN_MANAGER_IOC                        text33       0006DC
__end_of_PIN_MANAGER_Initialize                 text14       0002F0
__end_of_PMD_Initialize                         text13       000672
__end_of_SYSTEM_Initialize                      text8        0005FC
__end_of_TMR1_DefaultInterruptHandler           text31       00076A
__end_of_TMR1_ISR                               text30       00042A
__end_of_TMR1_Initialize                        text11       00038C
__end_of_TMR1_SetInterruptHandler               text12       0006F0
__end_of_TMR1_StartTimer                        text3        00075A
__end_of_TMR1_WriteTimer                        text2        000656
__end_of_TMR2_DefaultInterruptHandler           text28       000768
__end_of_TMR2_ISR                               text27       0005DA
__end_of_TMR2_Initialize                        text9        00050C
__end_of_TMR2_SetInterruptHandler               text10       0006E6
__end_of__initialization                        cinit        0003B6
__end_of_carcontrol_ISR                         text29       00017E
__end_of_carcontrol_init                        text5        000488
__end_of_carcontrol_steering                    text7        0004E0
__end_of_carcontrol_throttle                    text6        0006D0
__end_of_main                                   text0        00034A
__end_of_ping_CCP1_triggered                    text49       0006BE
__end_of_ping_RC2_went_HIGH                     text36       00045A
__end_of_ping_TMR1Overflow_isr                  text32       00063A
__end_of_ping_init                              text4        0003FA
__end_of_ping_send                              text1        0004B4
__end_ofi2_IOCCF2_SetInterruptHandler           text40       00074A
__end_ofi2_TMR1_SetInterruptHandler             text39       000740
__end_ofi2_TMR1_StartTimer                      text38       000762
__end_ofi2_TMR1_WriteTimer                      text37       00068E
__initialization                                cinit        00038C
__mediumconst                                   mediumconst  000000
__pbssCOMRAM                                    bssCOMRAM    000001
__pcinit                                        cinit        00038C
__pcstackCOMRAM                                 cstackCOMRAM 000044
__pdataCOMRAM                                   dataCOMRAM   000052
__pidataCOMRAM                                  idataCOMRAM  000762
__pintcode                                      intcode      000008
__pnvCOMRAM                                     nvCOMRAM     00002F
__ptext0                                        text0        0002F0
__ptext1                                        text1        000488
__ptext10                                       text10       0006DC
__ptext11                                       text11       00034A
__ptext12                                       text12       0006E6
__ptext13                                       text13       000656
__ptext14                                       text14       00028C
__ptext15                                       text15       0006F0
__ptext16                                       text16       00068E
__ptext17                                       text17       00075A
__ptext18                                       text18       000212
__ptext19                                       text19       0006FA
__ptext2                                        text2        00063A
__ptext20                                       text20       000704
__ptext21                                       text21       00070E
__ptext22                                       text22       000718
__ptext23                                       text23       000722
__ptext24                                       text24       00050C
__ptext25                                       text25       00072C
__ptext27                                       text27       0005B6
__ptext28                                       text28       000766
__ptext29                                       text29       00009A
__ptext3                                        text3        000756
__ptext30                                       text30       0003FA
__ptext31                                       text31       000768
__ptext32                                       text32       00061C
__ptext33                                       text33       0006D0
__ptext34                                       text34       000590
__ptext35                                       text35       00076A
__ptext36                                       text36       00042A
__ptext37                                       text37       000672
__ptext38                                       text38       00075E
__ptext39                                       text39       000736
__ptext4                                        text4        0003C4
__ptext40                                       text40       000740
__ptext41                                       text41       000538
__ptext42                                       text42       00017E
__ptext43                                       text43       00074A
__ptext44                                       text44       00076C
__ptext45                                       text45       000750
__ptext46                                       text46       0005FC
__ptext47                                       text47       000564
__ptext48                                       text48       00076E
__ptext49                                       text49       0006A6
__ptext5                                        text5        00045A
__ptext50                                       text50       000000
__ptext6                                        text6        0006BE
__ptext7                                        text7        0004B4
__ptext8                                        text8        0005DA
__ptext9                                        text9        0004E0
__ramtop                                        ramtop       000800
__size_of_CCP1_CaptureISR                       (abs)        000000
__size_of_CCP1_DefaultCallBack                  (abs)        000000
__size_of_CCP1_Initialize                       (abs)        000000
__size_of_CCP1_SetCallBack                      (abs)        000000
__size_of_EUSART1_DefaultErrorHandler           (abs)        000000
__size_of_EUSART1_DefaultFramingErrorHandler    (abs)        000000
__size_of_EUSART1_DefaultOverrunErrorHandler    (abs)        000000
__size_of_EUSART1_Initialize                    (abs)        000000
__size_of_EUSART1_Receive_ISR                   (abs)        000000
__size_of_EUSART1_RxDataHandler                 (abs)        000000
__size_of_EUSART1_SetErrorHandler               (abs)        000000
__size_of_EUSART1_SetFramingErrorHandler        (abs)        000000
__size_of_EUSART1_SetOverrunErrorHandler        (abs)        000000
__size_of_EUSART1_SetRxInterruptHandler         (abs)        000000
__size_of_EUSART1_SetTxInterruptHandler         (abs)        000000
__size_of_EUSART1_Transmit_ISR                  (abs)        000000
__size_of_INTERRUPT_Initialize                  (abs)        000000
__size_of_INTERRUPT_InterruptManager            (abs)        000000
__size_of_IOCCF2_DefaultInterruptHandler        (abs)        000000
__size_of_IOCCF2_ISR                            (abs)        000000
__size_of_IOCCF2_SetInterruptHandler            (abs)        000000
__size_of_OSCILLATOR_Initialize                 (abs)        000000
__size_of_PIN_MANAGER_IOC                       (abs)        000000
__size_of_PIN_MANAGER_Initialize                (abs)        000000
__size_of_PMD_Initialize                        (abs)        000000
__size_of_SYSTEM_Initialize                     (abs)        000000
__size_of_TMR1_DefaultInterruptHandler          (abs)        000000
__size_of_TMR1_ISR                              (abs)        000000
__size_of_TMR1_Initialize                       (abs)        000000
__size_of_TMR1_SetInterruptHandler              (abs)        000000
__size_of_TMR1_StartTimer                       (abs)        000000
__size_of_TMR1_WriteTimer                       (abs)        000000
__size_of_TMR2_DefaultInterruptHandler          (abs)        000000
__size_of_TMR2_ISR                              (abs)        000000
__size_of_TMR2_Initialize                       (abs)        000000
__size_of_TMR2_SetInterruptHandler              (abs)        000000
__size_of_carcontrol_ISR                        (abs)        000000
__size_of_carcontrol_init                       (abs)        000000
__size_of_carcontrol_steering                   (abs)        000000
__size_of_carcontrol_throttle                   (abs)        000000
__size_of_main                                  (abs)        000000
__size_of_ping_CCP1_triggered                   (abs)        000000
__size_of_ping_RC2_went_HIGH                    (abs)        000000
__size_of_ping_TMR1Overflow_isr                 (abs)        000000
__size_of_ping_init                             (abs)        000000
__size_of_ping_send                             (abs)        000000
__size_ofi2_IOCCF2_SetInterruptHandler          (abs)        000000
__size_ofi2_TMR1_SetInterruptHandler            (abs)        000000
__size_ofi2_TMR1_StartTimer                     (abs)        000000
__size_ofi2_TMR1_WriteTimer                     (abs)        000000
__smallconst                                    smallconst   000000
_carcontrol_ISR                                 text29       00009A
_carcontrol_init                                text5        00045A
_carcontrol_steering                            text7        0004B4
_carcontrol_throttle                            text6        0006BE
_carctl                                         bssCOMRAM    000021
_eusart1RxBuffer                                bssCOMRAM    000011
_eusart1RxCount                                 bssCOMRAM    00002A
_eusart1RxHead                                  bssCOMRAM    00002C
_eusart1RxLastError                             bssCOMRAM    000029
_eusart1RxStatusBuffer                          bssCOMRAM    000009
_eusart1RxTail                                  bssCOMRAM    00002B
_eusart1TxBuffer                                bssCOMRAM    000019
_eusart1TxBufferRemaining                       nvCOMRAM     000043
_eusart1TxHead                                  bssCOMRAM    00002E
_eusart1TxTail                                  bssCOMRAM    00002D
_main                                           text0        0002F0
_ping_CCP1_triggered                            text49       0006A6
_ping_RC2_went_HIGH                             text36       00042A
_ping_TMR1Overflow_isr                          text32       00061C
_ping_init                                      text4        0003C4
_ping_send                                      text1        000488
_servo_max                                      dataCOMRAM   000052
_servo_min                                      dataCOMRAM   000053
_servo_trim                                     dataCOMRAM   000054
_stateTime                                      bssCOMRAM    000027
_status                                         bssCOMRAM    000001
_timer1ReloadVal                                nvCOMRAM     000037
btemp                                           temp         000055
carcontrol_steering@steering                    cstackCOMRAM 00004C
carcontrol_throttle@throttle                    cstackCOMRAM 00004C
end_of_initialization                           cinit        0003B6
i2IOCCF2_SetInterruptHandler@InterruptHandler   cstackCOMRAM 000044
i2TMR1_SetInterruptHandler@InterruptHandler     cstackCOMRAM 000044
i2TMR1_WriteTimer@timerVal                      cstackCOMRAM 000044
i2_IOCCF2_SetInterruptHandler                   text40       000740
i2_TMR1_SetInterruptHandler                     text39       000736
i2_TMR1_StartTimer                              text38       00075E
i2_TMR1_WriteTimer                              text37       000672
int$flags                                       temp         000055
intlevel0                                       text         000000
intlevel1                                       text         000000
intlevel2                                       text         000000
intlevel3                                       text         000000
ping_CCP1_triggered@timeOfFlight                cstackCOMRAM 000044
stackhi                                         (abs)        0007FF
stacklo                                         (abs)        000060
start                                           init         000096
start_initialization                            cinit        00038C
ttemp5                                          temp         000056
ttemp6                                          temp         000059
ttemp7                                          temp         00005D
wtemp8                                          temp         000056


FUNCTION INFORMATION:

 *************** function _main *****************
 Defined at:
		line 51 in file "main.c"
 Parameters:    Size  Location     Type
		None
 Auto vars:     Size  Location     Type
		None
 Return value:  Size  Location     Type
                  1    wreg      void 
 Registers used:
		wreg, status,2, status,0, cstack
 Tracked objects:
		On entry : 
		On exit  : 
		Unchanged: 
 Data sizes:     COMRAM   BANK0   BANK1   BANK2   BANK3   BANK4   BANK5   BANK6   BANK7
      Params:         0       0       0       0       0       0       0       0       0
      Locals:         0       0       0       0       0       0       0       0       0
      Temps:          2       0       0       0       0       0       0       0       0
      Totals:         2       0       0       0       0       0       0       0       0
Total ram usage:        2 bytes
 Hardware stack levels required when called:    8
 This function calls:
		_SYSTEM_Initialize
		_carcontrol_init
		_carcontrol_steering
		_ping_init
		_ping_send
 This function is called by:
		Startup code after reset
 This function uses a non-reentrant model


 *************** function _ping_send *****************
 Defined at:
		line 109 in file "ping.c"
 Parameters:    Size  Location     Type
		None
 Auto vars:     Size  Location     Type
		None
 Return value:  Size  Location     Type
                  1    wreg      void 
 Registers used:
		wreg, status,2, status,0, cstack
 Tracked objects:
		On entry : 
		On exit  : 
		Unchanged: 
 Data sizes:     COMRAM   BANK0   BANK1   BANK2   BANK3   BANK4   BANK5   BANK6   BANK7
      Params:         0       0       0       0       0       0       0       0       0
      Locals:         0       0       0       0       0       0       0       0       0
      Temps:          0       0       0       0       0       0       0       0       0
      Totals:         0       0       0       0       0       0       0       0       0
Total ram usage:        0 bytes
 Hardware stack levels used:    1
 Hardware stack levels required when called:    6
 This function calls:
		_TMR1_SetInterruptHandler
		_TMR1_StartTimer
		_TMR1_WriteTimer
 This function is called by:
		_main
 This function uses a non-reentrant model


 *************** function _TMR1_WriteTimer *****************
 Defined at:
		line 127 in file "mcc_generated_files/tmr1.c"
 Parameters:    Size  Location     Type
  timerVal        2    8[COMRAM] unsigned short 
 Auto vars:     Size  Location     Type
		None
 Return value:  Size  Location     Type
                  1    wreg      void 
 Registers used:
		wreg, status,2
 Tracked objects:
		On entry : 
		On exit  : 
		Unchanged: 
 Data sizes:     COMRAM   BANK0   BANK1   BANK2   BANK3   BANK4   BANK5   BANK6   BANK7
      Params:         2       0       0       0       0       0       0       0       0
      Locals:         0       0       0       0       0       0       0       0       0
      Temps:          0       0       0       0       0       0       0       0       0
      Totals:         2       0       0       0       0       0       0       0       0
Total ram usage:        2 bytes
 Hardware stack levels used:    1
 Hardware stack levels required when called:    5
 This function calls:
		Nothing
 This function is called by:
		_ping_send
		_TMR1_Reload
 This function uses a non-reentrant model


 *************** function _TMR1_StartTimer *****************
 Defined at:
		line 99 in file "mcc_generated_files/tmr1.c"
 Parameters:    Size  Location     Type
		None
 Auto vars:     Size  Location     Type
		None
 Return value:  Size  Location     Type
                  1    wreg      void 
 Registers used:
		None
 Tracked objects:
		On entry : 
		On exit  : 
		Unchanged: 
 Data sizes:     COMRAM   BANK0   BANK1   BANK2   BANK3   BANK4   BANK5   BANK6   BANK7
      Params:         0       0       0       0       0       0       0       0       0
      Locals:         0       0       0       0       0       0       0       0       0
      Temps:          0       0       0       0       0       0       0       0       0
      Totals:         0       0       0       0       0       0       0       0       0
Total ram usage:        0 bytes
 Hardware stack levels used:    1
 Hardware stack levels required when called:    5
 This function calls:
		Nothing
 This function is called by:
		_ping_send
 This function uses a non-reentrant model


 *************** function _ping_init *****************
 Defined at:
		line 94 in file "ping.c"
 Parameters:    Size  Location     Type
		None
 Auto vars:     Size  Location     Type
		None
 Return value:  Size  Location     Type
                  1    wreg      void 
 Registers used:
		wreg, status,2, status,0, cstack
 Tracked objects:
		On entry : 
		On exit  : 
		Unchanged: 
 Data sizes:     COMRAM   BANK0   BANK1   BANK2   BANK3   BANK4   BANK5   BANK6   BANK7
      Params:         0       0       0       0       0       0       0       0       0
      Locals:         0       0       0       0       0       0       0       0       0
      Temps:          0       0       0       0       0       0       0       0       0
      Totals:         0       0       0       0       0       0       0       0       0
Total ram usage:        0 bytes
 Hardware stack levels used:    1
 Hardware stack levels required when called:    6
 This function calls:
		_CCP1_SetCallBack
		_IOCCF2_SetInterruptHandler
		_TMR1_SetInterruptHandler
 This function is called by:
		_main
 This function uses a non-reentrant model


 *************** function _carcontrol_init *****************
 Defined at:
		line 27 in file "car_ctrl.c"
 Parameters:    Size  Location     Type
		None
 Auto vars:     Size  Location     Type
		None
 Return value:  Size  Location     Type
                  1    wreg      void 
 Registers used:
		wreg, status,2, status,0, cstack
 Tracked objects:
		On entry : 
		On exit  : 
		Unchanged: 
 Data sizes:     COMRAM   BANK0   BANK1   BANK2   BANK3   BANK4   BANK5   BANK6   BANK7
      Params:         0       0       0       0       0       0       0       0       0
      Locals:         0       0       0       0       0       0       0       0       0
      Temps:          0       0       0       0       0       0       0       0       0
      Totals:         0       0       0       0       0       0       0       0       0
Total ram usage:        0 bytes
 Hardware stack levels used:    1
 Hardware stack levels required when called:    6
 This function calls:
		_TMR2_SetInterruptHandler
		_carcontrol_steering
		_carcontrol_throttle
 This function is called by:
		_main
 This function uses a non-reentrant model


 *************** function _carcontrol_throttle *****************
 Defined at:
		line 118 in file "car_ctrl.c"
 Parameters:    Size  Location     Type
  throttle        1    wreg     unsigned char 
 Auto vars:     Size  Location     Type
  throttle        1    8[COMRAM] unsigned char 
 Return value:  Size  Location     Type
                  1    wreg      void 
 Registers used:
		wreg, status,2, status,0
 Tracked objects:
		On entry : 
		On exit  : 
		Unchanged: 
 Data sizes:     COMRAM   BANK0   BANK1   BANK2   BANK3   BANK4   BANK5   BANK6   BANK7
      Params:         0       0       0       0       0       0       0       0       0
      Locals:         1       0       0       0       0       0       0       0       0
      Temps:          0       0       0       0       0       0       0       0       0
      Totals:         1       0       0       0       0       0       0       0       0
Total ram usage:        1 bytes
 Hardware stack levels used:    1
 Hardware stack levels required when called:    5
 This function calls:
		Nothing
 This function is called by:
		_carcontrol_init
 This function uses a non-reentrant model


 *************** function _carcontrol_steering *****************
 Defined at:
		line 93 in file "car_ctrl.c"
 Parameters:    Size  Location     Type
  steering        1    wreg     char 
 Auto vars:     Size  Location     Type
  steering        1    8[COMRAM] char 
 Return value:  Size  Location     Type
                  1    wreg      void 
 Registers used:
		wreg, status,2, status,0
 Tracked objects:
		On entry : 
		On exit  : 
		Unchanged: 
 Data sizes:     COMRAM   BANK0   BANK1   BANK2   BANK3   BANK4   BANK5   BANK6   BANK7
      Params:         0       0       0       0       0       0       0       0       0
      Locals:         1       0       0       0       0       0       0       0       0
      Temps:          0       0       0       0       0       0       0       0       0
      Totals:         1       0       0       0       0       0       0       0       0
Total ram usage:        1 bytes
 Hardware stack levels used:    1
 Hardware stack levels required when called:    5
 This function calls:
		Nothing
 This function is called by:
		_main
		_carcontrol_init
 This function uses a non-reentrant model


 *************** function _SYSTEM_Initialize *****************
 Defined at:
		line 50 in file "mcc_generated_files/mcc.c"
 Parameters:    Size  Location     Type
		None
 Auto vars:     Size  Location     Type
		None
 Return value:  Size  Location     Type
                  1    wreg      void 
 Registers used:
		wreg, status,2, status,0, cstack
 Tracked objects:
		On entry : 
		On exit  : 
		Unchanged: 
 Data sizes:     COMRAM   BANK0   BANK1   BANK2   BANK3   BANK4   BANK5   BANK6   BANK7
      Params:         0       0       0       0       0       0       0       0       0
      Locals:         0       0       0       0       0       0       0       0       0
      Temps:          0       0       0       0       0       0       0       0       0
      Totals:         0       0       0       0       0       0       0       0       0
Total ram usage:        0 bytes
 Hardware stack levels used:    1
 Hardware stack levels required when called:    7
 This function calls:
		_CCP1_Initialize
		_EUSART1_Initialize
		_INTERRUPT_Initialize
		_OSCILLATOR_Initialize
		_PIN_MANAGER_Initialize
		_PMD_Initialize
		_TMR1_Initialize
		_TMR2_Initialize
 This function is called by:
		_main
 This function uses a non-reentrant model


 *************** function _TMR2_Initialize *****************
 Defined at:
		line 64 in file "mcc_generated_files/tmr2.c"
 Parameters:    Size  Location     Type
		None
 Auto vars:     Size  Location     Type
		None
 Return value:  Size  Location     Type
                  1    wreg      void 
 Registers used:
		wreg, status,2, status,0, cstack
 Tracked objects:
		On entry : 
		On exit  : 
		Unchanged: 
 Data sizes:     COMRAM   BANK0   BANK1   BANK2   BANK3   BANK4   BANK5   BANK6   BANK7
      Params:         0       0       0       0       0       0       0       0       0
      Locals:         0       0       0       0       0       0       0       0       0
      Temps:          0       0       0       0       0       0       0       0       0
      Totals:         0       0       0       0       0       0       0       0       0
Total ram usage:        0 bytes
 Hardware stack levels used:    1
 Hardware stack levels required when called:    6
 This function calls:
		_TMR2_SetInterruptHandler
 This function is called by:
		_SYSTEM_Initialize
 This function uses a non-reentrant model


 *************** function _TMR2_SetInterruptHandler *****************
 Defined at:
		line 178 in file "mcc_generated_files/tmr2.c"
 Parameters:    Size  Location     Type
  InterruptHan    2    8[COMRAM] PTR FTN()void 
		 -> carcontrol_ISR(1), TMR2_DefaultInterruptHandler(1), 
 Auto vars:     Size  Location     Type
		None
 Return value:  Size  Location     Type
                  1    wreg      void 
 Registers used:
		wreg, status,2, status,0
 Tracked objects:
		On entry : 
		On exit  : 
		Unchanged: 
 Data sizes:     COMRAM   BANK0   BANK1   BANK2   BANK3   BANK4   BANK5   BANK6   BANK7
      Params:         2       0       0       0       0       0       0       0       0
      Locals:         0       0       0       0       0       0       0       0       0
      Temps:          0       0       0       0       0       0       0       0       0
      Totals:         2       0       0       0       0       0       0       0       0
Total ram usage:        2 bytes
 Hardware stack levels used:    1
 Hardware stack levels required when called:    5
 This function calls:
		Nothing
 This function is called by:
		_TMR2_Initialize
		_carcontrol_init
 This function uses a non-reentrant model


 *************** function _TMR1_Initialize *****************
 Defined at:
		line 64 in file "mcc_generated_files/tmr1.c"
 Parameters:    Size  Location     Type
		None
 Auto vars:     Size  Location     Type
		None
 Return value:  Size  Location     Type
                  1    wreg      void 
 Registers used:
		wreg, status,2, status,0, cstack
 Tracked objects:
		On entry : 
		On exit  : 
		Unchanged: 
 Data sizes:     COMRAM   BANK0   BANK1   BANK2   BANK3   BANK4   BANK5   BANK6   BANK7
      Params:         0       0       0       0       0       0       0       0       0
      Locals:         0       0       0       0       0       0       0       0       0
      Temps:          2       0       0       0       0       0       0       0       0
      Totals:         2       0       0       0       0       0       0       0       0
Total ram usage:        2 bytes
 Hardware stack levels used:    1
 Hardware stack levels required when called:    6
 This function calls:
		_TMR1_SetInterruptHandler
 This function is called by:
		_SYSTEM_Initialize
 This function uses a non-reentrant model


 *************** function _TMR1_SetInterruptHandler *****************
 Defined at:
		line 178 in file "mcc_generated_files/tmr1.c"
 Parameters:    Size  Location     Type
  InterruptHan    2    8[COMRAM] PTR FTN()void 
		 -> ping_TMR1Overflow_isr(1), TMR1_DefaultInterruptHandler(1), 
 Auto vars:     Size  Location     Type
		None
 Return value:  Size  Location     Type
                  1    wreg      void 
 Registers used:
		wreg, status,2, status,0
 Tracked objects:
		On entry : 
		On exit  : 
		Unchanged: 
 Data sizes:     COMRAM   BANK0   BANK1   BANK2   BANK3   BANK4   BANK5   BANK6   BANK7
      Params:         2       0       0       0       0       0       0       0       0
      Locals:         0       0       0       0       0       0       0       0       0
      Temps:          0       0       0       0       0       0       0       0       0
      Totals:         2       0       0       0       0       0       0       0       0
Total ram usage:        2 bytes
 Hardware stack levels used:    1
 Hardware stack levels required when called:    5
 This function calls:
		Nothing
 This function is called by:
		_TMR1_Initialize
		_ping_init
		_ping_send
 This function uses a non-reentrant model


 *************** function _PMD_Initialize *****************
 Defined at:
		line 76 in file "mcc_generated_files/mcc.c"
 Parameters:    Size  Location     Type
		None
 Auto vars:     Size  Location     Type
		None
 Return value:  Size  Location     Type
                  1    wreg      void 
 Registers used:
		wreg, status,2
 Tracked objects:
		On entry : 
		On exit  : 
		Unchanged: 
 Data sizes:     COMRAM   BANK0   BANK1   BANK2   BANK3   BANK4   BANK5   BANK6   BANK7
      Params:         0       0       0       0       0       0       0       0       0
      Locals:         0       0       0       0       0       0       0       0       0
      Temps:          0       0       0       0       0       0       0       0       0
      Totals:         0       0       0       0       0       0       0       0       0
Total ram usage:        0 bytes
 Hardware stack levels used:    1
 Hardware stack levels required when called:    5
 This function calls:
		Nothing
 This function is called by:
		_SYSTEM_Initialize
 This function uses a non-reentrant model


 *************** function _PIN_MANAGER_Initialize *****************
 Defined at:
		line 57 in file "mcc_generated_files/pin_manager.c"
 Parameters:    Size  Location     Type
		None
 Auto vars:     Size  Location     Type
		None
 Return value:  Size  Location     Type
                  1    wreg      void 
 Registers used:
		wreg, status,2, status,0, cstack
 Tracked objects:
		On entry : 
		On exit  : 
		Unchanged: 
 Data sizes:     COMRAM   BANK0   BANK1   BANK2   BANK3   BANK4   BANK5   BANK6   BANK7
      Params:         0       0       0       0       0       0       0       0       0
      Locals:         0       0       0       0       0       0       0       0       0
      Temps:          0       0       0       0       0       0       0       0       0
      Totals:         0       0       0       0       0       0       0       0       0
Total ram usage:        0 bytes
 Hardware stack levels used:    1
 Hardware stack levels required when called:    6
 This function calls:
		_IOCCF2_SetInterruptHandler
 This function is called by:
		_SYSTEM_Initialize
 This function uses a non-reentrant model


 *************** function _IOCCF2_SetInterruptHandler *****************
 Defined at:
		line 153 in file "mcc_generated_files/pin_manager.c"
 Parameters:    Size  Location     Type
  InterruptHan    2    8[COMRAM] PTR FTN()void 
		 -> ping_RC2_went_HIGH(1), IOCCF2_DefaultInterruptHandler(1), 
 Auto vars:     Size  Location     Type
		None
 Return value:  Size  Location     Type
                  1    wreg      void 
 Registers used:
		wreg, status,2, status,0
 Tracked objects:
		On entry : 
		On exit  : 
		Unchanged: 
 Data sizes:     COMRAM   BANK0   BANK1   BANK2   BANK3   BANK4   BANK5   BANK6   BANK7
      Params:         2       0       0       0       0       0       0       0       0
      Locals:         0       0       0       0       0       0       0       0       0
      Temps:          0       0       0       0       0       0       0       0       0
      Totals:         2       0       0       0       0       0       0       0       0
Total ram usage:        2 bytes
 Hardware stack levels used:    1
 Hardware stack levels required when called:    5
 This function calls:
		Nothing
 This function is called by:
		_PIN_MANAGER_Initialize
		_ping_init
 This function uses a non-reentrant model


 *************** function _OSCILLATOR_Initialize *****************
 Defined at:
		line 62 in file "mcc_generated_files/mcc.c"
 Parameters:    Size  Location     Type
		None
 Auto vars:     Size  Location     Type
		None
 Return value:  Size  Location     Type
                  1    wreg      void 
 Registers used:
		wreg, status,2
 Tracked objects:
		On entry : 
		On exit  : 
		Unchanged: 
 Data sizes:     COMRAM   BANK0   BANK1   BANK2   BANK3   BANK4   BANK5   BANK6   BANK7
      Params:         0       0       0       0       0       0       0       0       0
      Locals:         0       0       0       0       0       0       0       0       0
      Temps:          0       0       0       0       0       0       0       0       0
      Totals:         0       0       0       0       0       0       0       0       0
Total ram usage:        0 bytes
 Hardware stack levels used:    1
 Hardware stack levels required when called:    5
 This function calls:
		Nothing
 This function is called by:
		_SYSTEM_Initialize
 This function uses a non-reentrant model


 *************** function _INTERRUPT_Initialize *****************
 Defined at:
		line 52 in file "mcc_generated_files/interrupt_manager.c"
 Parameters:    Size  Location     Type
		None
 Auto vars:     Size  Location     Type
		None
 Return value:  Size  Location     Type
                  1    wreg      void 
 Registers used:
		None
 Tracked objects:
		On entry : 
		On exit  : 
		Unchanged: 
 Data sizes:     COMRAM   BANK0   BANK1   BANK2   BANK3   BANK4   BANK5   BANK6   BANK7
      Params:         0       0       0       0       0       0       0       0       0
      Locals:         0       0       0       0       0       0       0       0       0
      Temps:          0       0       0       0       0       0       0       0       0
      Totals:         0       0       0       0       0       0       0       0       0
Total ram usage:        0 bytes
 Hardware stack levels used:    1
 Hardware stack levels required when called:    5
 This function calls:
		Nothing
 This function is called by:
		_SYSTEM_Initialize
 This function uses a non-reentrant model


 *************** function _EUSART1_Initialize *****************
 Defined at:
		line 85 in file "mcc_generated_files/eusart1.c"
 Parameters:    Size  Location     Type
		None
 Auto vars:     Size  Location     Type
		None
 Return value:  Size  Location     Type
                  1    wreg      void 
 Registers used:
		wreg, status,2, status,0, cstack
 Tracked objects:
		On entry : 
		On exit  : 
		Unchanged: 
 Data sizes:     COMRAM   BANK0   BANK1   BANK2   BANK3   BANK4   BANK5   BANK6   BANK7
      Params:         0       0       0       0       0       0       0       0       0
      Locals:         0       0       0       0       0       0       0       0       0
      Temps:          0       0       0       0       0       0       0       0       0
      Totals:         0       0       0       0       0       0       0       0       0
Total ram usage:        0 bytes
 Hardware stack levels used:    1
 Hardware stack levels required when called:    6
 This function calls:
		_EUSART1_SetErrorHandler
		_EUSART1_SetFramingErrorHandler
		_EUSART1_SetOverrunErrorHandler
		_EUSART1_SetRxInterruptHandler
		_EUSART1_SetTxInterruptHandler
 This function is called by:
		_SYSTEM_Initialize
 This function uses a non-reentrant model


 *************** function _EUSART1_SetTxInterruptHandler *****************
 Defined at:
		line 282 in file "mcc_generated_files/eusart1.c"
 Parameters:    Size  Location     Type
  interruptHan    2    8[COMRAM] PTR FTN()void 
		 -> EUSART1_Transmit_ISR(1), 
 Auto vars:     Size  Location     Type
		None
 Return value:  Size  Location     Type
                  1    wreg      void 
 Registers used:
		wreg, status,2, status,0
 Tracked objects:
		On entry : 
		On exit  : 
		Unchanged: 
 Data sizes:     COMRAM   BANK0   BANK1   BANK2   BANK3   BANK4   BANK5   BANK6   BANK7
      Params:         2       0       0       0       0       0       0       0       0
      Locals:         0       0       0       0       0       0       0       0       0
      Temps:          0       0       0       0       0       0       0       0       0
      Totals:         2       0       0       0       0       0       0       0       0
Total ram usage:        2 bytes
 Hardware stack levels used:    1
 Hardware stack levels required when called:    5
[...]
		On entry : 
		On exit  : 
		Unchanged: 
 Data sizes:     COMRAM   BANK0   BANK1   BANK2   BANK3   BANK4   BANK5   BANK6   BANK7
      Params:         0       0       0       0       0       0       0       0       0
      Locals:         0       0       0       0       0       0       0       0       0
      Temps:          0       0       0       0       0       0       0       0       0
      Totals:         0       0       0       0       0       0       0       0       0
Total ram usage:        0 bytes
 Hardware stack levels used:    1
 This function calls:
		Nothing
 This function is called by:
		_PIN_MANAGER_Initialize
		_ping_RC2_went_HIGH
		_ping_init
		_IOCCF2_ISR
 This function uses a non-reentrant model


 *************** function _ping_RC2_went_HIGH *****************
 Defined at:
		line 66 in file "ping.c"
 Parameters:    Size  Location     Type
		None
 Auto vars:     Size  Location     Type
		None
 Return value:  Size  Location     Type
                  1    wreg      void 
 Registers used:
		wreg, status,2, status,0, cstack
 Tracked objects:
		On entry : 
		On exit  : 
		Unchanged: 
 Data sizes:     COMRAM   BANK0   BANK1   BANK2   BANK3   BANK4   BANK5   BANK6   BANK7
      Params:         0       0       0       0       0       0       0       0       0
      Locals:         0       0       0       0       0       0       0       0       0
      Temps:          0       0       0       0       0       0       0       0       0
      Totals:         0       0       0       0       0       0       0       0       0
Total ram usage:        0 bytes
 Hardware stack levels used:    1
 Hardware stack levels required when called:    1
 This function calls:
		i2_IOCCF2_SetInterruptHandler
		i2_TMR1_SetInterruptHandler
		i2_TMR1_StartTimer
		i2_TMR1_WriteTimer
 This function is called by:
		_ping_TMR1Overflow_isr
		_IOCCF2_ISR
 This function uses a non-reentrant model


 *************** function i2_TMR1_WriteTimer *****************
 Defined at:
		line 127 in file "mcc_generated_files/tmr1.c"
 Parameters:    Size  Location     Type
  timerVal        2    0[COMRAM] unsigned short 
 Auto vars:     Size  Location     Type
		None
 Return value:  Size  Location     Type
                  1    wreg      void 
 Registers used:
		wreg, status,2
 Tracked objects:
		On entry : 
		On exit  : 
		Unchanged: 
 Data sizes:     COMRAM   BANK0   BANK1   BANK2   BANK3   BANK4   BANK5   BANK6   BANK7
      Params:         2       0       0       0       0       0       0       0       0
      Locals:         0       0       0       0       0       0       0       0       0
      Temps:          0       0       0       0       0       0       0       0       0
      Totals:         2       0       0       0       0       0       0       0       0
Total ram usage:        2 bytes
 Hardware stack levels used:    1
 This function calls:
		Nothing
 This function is called by:
		_TMR1_ISR
		_ping_RC2_went_HIGH
 This function uses a non-reentrant model


 *************** function i2_TMR1_StartTimer *****************
 Defined at:
		line 99 in file "mcc_generated_files/tmr1.c"
 Parameters:    Size  Location     Type
		None
 Auto vars:     Size  Location     Type
		None
 Return value:  Size  Location     Type
                  1    wreg      void 
 Registers used:
		None
 Tracked objects:
		On entry : 
		On exit  : 
		Unchanged: 
 Data sizes:     COMRAM   BANK0   BANK1   BANK2   BANK3   BANK4   BANK5   BANK6   BANK7
      Params:         0       0       0       0       0       0       0       0       0
      Locals:         0       0       0       0       0       0       0       0       0
      Temps:          0       0       0       0       0       0       0       0       0
      Totals:         0       0       0       0       0       0       0       0       0
Total ram usage:        0 bytes
 Hardware stack levels used:    1
 This function calls:
		Nothing
 This function is called by:
		_ping_RC2_went_HIGH
 This function uses a non-reentrant model


 *************** function i2_TMR1_SetInterruptHandler *****************
 Defined at:
		line 178 in file "mcc_generated_files/tmr1.c"
 Parameters:    Size  Location     Type
  InterruptHan    2    0[COMRAM] PTR FTN()void 
		 -> ping_TMR1Overflow_isr(1), TMR1_DefaultInterruptHandler(1), 
 Auto vars:     Size  Location     Type
		None
 Return value:  Size  Location     Type
                  1    wreg      void 
 Registers used:
		wreg, status,2, status,0
 Tracked objects:
		On entry : 
		On exit  : 
		Unchanged: 
 Data sizes:     COMRAM   BANK0   BANK1   BANK2   BANK3   BANK4   BANK5   BANK6   BANK7
      Params:         2       0       0       0       0       0       0       0       0
      Locals:         0       0       0       0       0       0       0       0       0
      Temps:          0       0       0       0       0       0       0       0       0
      Totals:         2       0       0       0       0       0       0       0       0
Total ram usage:        2 bytes
 Hardware stack levels used:    1
 This function calls:
		Nothing
 This function is called by:
		_ping_TMR1Overflow_isr
		_ping_RC2_went_HIGH
 This function uses a non-reentrant model


 *************** function i2_IOCCF2_SetInterruptHandler *****************
 Defined at:
		line 153 in file "mcc_generated_files/pin_manager.c"
 Parameters:    Size  Location     Type
  InterruptHan    2    0[COMRAM] PTR FTN()void 
		 -> ping_RC2_went_HIGH(1), IOCCF2_DefaultInterruptHandler(1), 
 Auto vars:     Size  Location     Type
		None
 Return value:  Size  Location     Type
                  1    wreg      void 
 Registers used:
		wreg, status,2, status,0
 Tracked objects:
		On entry : 
		On exit  : 
		Unchanged: 
 Data sizes:     COMRAM   BANK0   BANK1   BANK2   BANK3   BANK4   BANK5   BANK6   BANK7
      Params:         2       0       0       0       0       0       0       0       0
      Locals:         0       0       0       0       0       0       0       0       0
      Temps:          0       0       0       0       0       0       0       0       0
      Totals:         2       0       0       0       0       0       0       0       0
Total ram usage:        2 bytes
 Hardware stack levels used:    1
 This function calls:
		Nothing
 This function is called by:
		_ping_TMR1Overflow_isr
		_ping_RC2_went_HIGH
 This function uses a non-reentrant model


 *************** function _EUSART1_Transmit_ISR *****************
 Defined at:
		line 203 in file "mcc_generated_files/eusart1.c"
 Parameters:    Size  Location     Type
		None
 Auto vars:     Size  Location     Type
		None
 Return value:  Size  Location     Type
                  1    wreg      void 
 Registers used:
		wreg, fsr2l, fsr2h, status,2, status,0
 Tracked objects:
		On entry : 
		On exit  : 
		Unchanged: 
 Data sizes:     COMRAM   BANK0   BANK1   BANK2   BANK3   BANK4   BANK5   BANK6   BANK7
      Params:         0       0       0       0       0       0       0       0       0
      Locals:         0       0       0       0       0       0       0       0       0
      Temps:          0       0       0       0       0       0       0       0       0
      Totals:         0       0       0       0       0       0       0       0       0
Total ram usage:        0 bytes
 Hardware stack levels used:    1
 This function calls:
		Nothing
 This function is called by:
		_EUSART1_Initialize
		_INTERRUPT_InterruptManager
 This function uses a non-reentrant model


 *************** function _EUSART1_Receive_ISR *****************
 Defined at:
		line 222 in file "mcc_generated_files/eusart1.c"
 Parameters:    Size  Location     Type
		None
 Auto vars:     Size  Location     Type
		None
 Return value:  Size  Location     Type
                  1    wreg      void 
 Registers used:
		wreg, fsr2l, fsr2h, status,2, status,0, pclath, tosl, cstack
 Tracked objects:
		On entry : 
		On exit  : 
		Unchanged: 
 Data sizes:     COMRAM   BANK0   BANK1   BANK2   BANK3   BANK4   BANK5   BANK6   BANK7
      Params:         0       0       0       0       0       0       0       0       0
      Locals:         0       0       0       0       0       0       0       0       0
      Temps:          0       0       0       0       0       0       0       0       0
      Totals:         0       0       0       0       0       0       0       0       0
Total ram usage:        0 bytes
 Hardware stack levels used:    1
 Hardware stack levels required when called:    2
 This function calls:
		Absolute function
		_EUSART1_DefaultErrorHandler
		_EUSART1_DefaultFramingErrorHandler
		_EUSART1_DefaultOverrunErrorHandler
		_EUSART1_RxDataHandler
 This function is called by:
		_EUSART1_Initialize
		_INTERRUPT_InterruptManager
 This function uses a non-reentrant model


 *************** function _EUSART1_DefaultOverrunErrorHandler *****************
 Defined at:
		line 258 in file "mcc_generated_files/eusart1.c"
 Parameters:    Size  Location     Type
		None
 Auto vars:     Size  Location     Type
		None
 Return value:  Size  Location     Type
                  1    wreg      void 
 Registers used:
		None
 Tracked objects:
		On entry : 
		On exit  : 
		Unchanged: 
 Data sizes:     COMRAM   BANK0   BANK1   BANK2   BANK3   BANK4   BANK5   BANK6   BANK7
      Params:         0       0       0       0       0       0       0       0       0
      Locals:         0       0       0       0       0       0       0       0       0
      Temps:          0       0       0       0       0       0       0       0       0
      Totals:         0       0       0       0       0       0       0       0       0
Total ram usage:        0 bytes
 Hardware stack levels used:    1
 This function calls:
		Nothing
 This function is called by:
		_EUSART1_Initialize
		_EUSART1_Receive_ISR
 This function uses a non-reentrant model


 *************** function _EUSART1_DefaultFramingErrorHandler *****************
 Defined at:
		line 256 in file "mcc_generated_files/eusart1.c"
 Parameters:    Size  Location     Type
		None
 Auto vars:     Size  Location     Type
		None
 Return value:  Size  Location     Type
                  1    wreg      void 
 Registers used:
		None
 Tracked objects:
		On entry : 
		On exit  : 
		Unchanged: 
 Data sizes:     COMRAM   BANK0   BANK1   BANK2   BANK3   BANK4   BANK5   BANK6   BANK7
      Params:         0       0       0       0       0       0       0       0       0
      Locals:         0       0       0       0       0       0       0       0       0
      Temps:          0       0       0       0       0       0       0       0       0
      Totals:         0       0       0       0       0       0       0       0       0
Total ram usage:        0 bytes
 Hardware stack levels used:    1
 This function calls:
		Nothing
 This function is called by:
		_EUSART1_Initialize
		_EUSART1_Receive_ISR
 This function uses a non-reentrant model


 *************** function _EUSART1_DefaultErrorHandler *****************
 Defined at:
		line 266 in file "mcc_generated_files/eusart1.c"
 Parameters:    Size  Location     Type
		None
 Auto vars:     Size  Location     Type
		None
 Return value:  Size  Location     Type
                  1    wreg      void 
 Registers used:
		wreg, fsr2l, fsr2h, status,2, status,0, cstack
 Tracked objects:
		On entry : 
		On exit  : 
		Unchanged: 
 Data sizes:     COMRAM   BANK0   BANK1   BANK2   BANK3   BANK4   BANK5   BANK6   BANK7
      Params:         0       0       0       0       0       0       0       0       0
      Locals:         0       0       0       0       0       0       0       0       0
      Temps:          0       0       0       0       0       0       0       0       0
      Totals:         0       0       0       0       0       0       0       0       0
Total ram usage:        0 bytes
 Hardware stack levels used:    1
 Hardware stack levels required when called:    1
 This function calls:
		_EUSART1_RxDataHandler
 This function is called by:
		_EUSART1_Initialize
		_EUSART1_Receive_ISR
 This function uses a non-reentrant model


 *************** function _EUSART1_RxDataHandler *****************
 Defined at:
		line 246 in file "mcc_generated_files/eusart1.c"
 Parameters:    Size  Location     Type
		None
 Auto vars:     Size  Location     Type
		None
 Return value:  Size  Location     Type
                  1    wreg      void 
 Registers used:
		wreg, fsr2l, fsr2h, status,2, status,0
 Tracked objects:
		On entry : 
		On exit  : 
		Unchanged: 
 Data sizes:     COMRAM   BANK0   BANK1   BANK2   BANK3   BANK4   BANK5   BANK6   BANK7
      Params:         0       0       0       0       0       0       0       0       0
      Locals:         0       0       0       0       0       0       0       0       0
      Temps:          0       0       0       0       0       0       0       0       0
      Totals:         0       0       0       0       0       0       0       0       0
Total ram usage:        0 bytes
 Hardware stack levels used:    1
 This function calls:
		Nothing
 This function is called by:
		_EUSART1_Receive_ISR
		_EUSART1_DefaultErrorHandler
 This function uses a non-reentrant model


 *************** function _CCP1_CaptureISR *****************
 Defined at:
		line 94 in file "mcc_generated_files/ccp1.c"
 Parameters:    Size  Location     Type
		None
 Auto vars:     Size  Location     Type
  module          2    2[COMRAM] struct CCPR1Reg_tag
 Return value:  Size  Location     Type
                  1    wreg      void 
 Registers used:
		wreg, status,2, pclath, tosl, cstack
 Tracked objects:
		On entry : 
		On exit  : 
		Unchanged: 
 Data sizes:     COMRAM   BANK0   BANK1   BANK2   BANK3   BANK4   BANK5   BANK6   BANK7
      Params:         0       0       0       0       0       0       0       0       0
      Locals:         2       0       0       0       0       0       0       0       0
      Temps:          0       0       0       0       0       0       0       0       0
      Totals:         2       0       0       0       0       0       0       0       0
Total ram usage:        2 bytes
 Hardware stack levels used:    1
 Hardware stack levels required when called:    1
 This function calls:
		Absolute function
		_CCP1_DefaultCallBack
		_ping_CCP1_triggered
 This function is called by:
		_INTERRUPT_InterruptManager
 This function uses a non-reentrant model


 *************** function _CCP1_DefaultCallBack *****************
 Defined at:
		line 60 in file "mcc_generated_files/ccp1.c"
 Parameters:    Size  Location     Type
  capturedValu    2    0[COMRAM] unsigned short 
 Auto vars:     Size  Location     Type
		None
 Return value:  Size  Location     Type
                  1    wreg      void 
 Registers used:
		None
 Tracked objects:
		On entry : 
		On exit  : 
		Unchanged: 
 Data sizes:     COMRAM   BANK0   BANK1   BANK2   BANK3   BANK4   BANK5   BANK6   BANK7
      Params:         2       0       0       0       0       0       0       0       0
      Locals:         0       0       0       0       0       0       0       0       0
      Temps:          0       0       0       0       0       0       0       0       0
      Totals:         2       0       0       0       0       0       0       0       0
Total ram usage:        2 bytes
 Hardware stack levels used:    1
 This function calls:
		Nothing
 This function is called by:
		_CCP1_Initialize
		_CCP1_CaptureISR
 This function uses a non-reentrant model


 *************** function _ping_CCP1_triggered *****************
 Defined at:
		line 82 in file "ping.c"
 Parameters:    Size  Location     Type
  timeOfFlight    2    0[COMRAM] unsigned short 
 Auto vars:     Size  Location     Type
		None
 Return value:  Size  Location     Type
                  1    wreg      void 
 Registers used:
		wreg, status,2
 Tracked objects:
		On entry : 
		On exit  : 
		Unchanged: 
 Data sizes:     COMRAM   BANK0   BANK1   BANK2   BANK3   BANK4   BANK5   BANK6   BANK7
      Params:         2       0       0       0       0       0       0       0       0
      Locals:         0       0       0       0       0       0       0       0       0
      Temps:          0       0       0       0       0       0       0       0       0
      Totals:         2       0       0       0       0       0       0       0       0
Total ram usage:        2 bytes
 Hardware stack levels used:    1
 This function calls:
		Nothing
 This function is called by:
		_ping_init
		_CCP1_CaptureISR
 This function uses a non-reentrant model



MODULE INFORMATION

Module		Function		Class		Link	Load	Size
mcc_generated_files/ccp1.c
		_CCP1_SetCallBack		CODE           	072C	0000	11
		_CCP1_CaptureISR		CODE           	0564	0000	45
		_CCP1_DefaultCallBack		CODE           	076E	0000	3
		_CCP1_Initialize		CODE           	050C	0000	45

mcc_generated_files/ccp1.c estimated size: 104

mcc_generated_files/tmr2.c
		_TMR2_ISR      		CODE           	05B6	0000	37
		_TMR2_Initialize		CODE           	04E0	0000	45
		_TMR2_SetInterruptHandler		CODE           	06DC	0000	11
		_TMR2_DefaultInterruptHandler		CODE           	0766	0000	3

mcc_generated_files/tmr2.c estimated size: 96

mcc_generated_files/interrupt_manager.c
		_INTERRUPT_Initialize		CODE           	075A	0000	5
		_INTERRUPT_InterruptManager		CODE           	0008	0000	143

mcc_generated_files/interrupt_manager.c estimated size: 148

mcc_generated_files/pin_manager.c
		_PIN_MANAGER_Initialize		CODE           	028C	0000	101
		_IOCCF2_SetInterruptHandler		CODE           	06F0	0000	11
		_PIN_MANAGER_IOC		CODE           	06D0	0000	13
		_IOCCF2_DefaultInterruptHandler		CODE           	076A	0000	3
		_IOCCF2_ISR    		CODE           	0590	0000	39

mcc_generated_files/pin_manager.c estimated size: 167

ping.c
		_ping_init     		CODE           	03C4	0000	55
		_ping_CCP1_triggered		CODE           	06A6	0000	25
		_ping_send     		CODE           	0488	0000	45
		_ping_TMR1Overflow_isr		CODE           	061C	0000	31
		_ping_RC2_went_HIGH		CODE           	042A	0000	49

ping.c estimated size: 205

shared
		i2_IOCCF2_SetInterruptHandler		CODE           	0740	0000	11
		__initialization		CODE           	038C	0000	43
		i2_TMR1_WriteTimer		CODE           	0672	0000	29
		i2_TMR1_StartTimer		CODE           	075E	0000	5
		i2_TMR1_SetInterruptHandler		CODE           	0736	0000	11

shared estimated size: 99

mcc_generated_files/eusart1.c
		_EUSART1_SetRxInterruptHandler		CODE           	0704	0000	11
		_EUSART1_SetTxInterruptHandler		CODE           	06FA	0000	11
		_EUSART1_Initialize		CODE           	0212	0000	123
		_EUSART1_DefaultErrorHandler		CODE           	0750	0000	7
		_EUSART1_SetFramingErrorHandler		CODE           	0718	0000	11
		_EUSART1_SetOverrunErrorHandler		CODE           	070E	0000	11
		_EUSART1_SetErrorHandler		CODE           	0722	0000	11
		_EUSART1_Receive_ISR		CODE           	017E	0000	149
		_EUSART1_RxDataHandler		CODE           	05FC	0000	33
		_EUSART1_DefaultOverrunErrorHandler		CODE           	074A	0000	7
		_EUSART1_Transmit_ISR		CODE           	0538	0000	45
		_EUSART1_DefaultFramingErrorHandler		CODE           	076C	0000	3

mcc_generated_files/eusart1.c estimated size: 422

mcc_generated_files/mcc.c
		_PMD_Initialize		CODE           	0656	0000	29
		_OSCILLATOR_Initialize		CODE           	068E	0000	25
		_SYSTEM_Initialize		CODE           	05DA	0000	35

mcc_generated_files/mcc.c estimated size: 89

car_ctrl.c
		_carcontrol_steering		CODE           	04B4	0000	45
		_carcontrol_throttle		CODE           	06BE	0000	19
		_carcontrol_ISR		CODE           	009A	0000	229
		_carcontrol_init		CODE           	045A	0000	47

car_ctrl.c estimated size: 340

mcc_generated_files/tmr1.c
		_TMR1_Initialize		CODE           	034A	0000	67
		_TMR1_SetInterruptHandler		CODE           	06E6	0000	11
		_TMR1_DefaultInterruptHandler		CODE           	0768	0000	3
		_TMR1_WriteTimer		CODE           	063A	0000	29
		_TMR1_StartTimer		CODE           	0756	0000	5
		_TMR1_ISR      		CODE           	03FA	0000	49

mcc_generated_files/tmr1.c estimated size: 164

main.c
		_main          		CODE           	02F0	0000	91

main.c estimated size: 91

